docker : #0 building with "desktop-linux" instance using docker driver
En línea: 1 Carácter: 1
+ docker build -t test-backend -f apps/backend/Dockerfile . --progress= ...
+ ~~~~~~~~~~~~~~~~~~~~~~~~~~~~~~~~~~~~~~~~~~~~~~~~~~~~~~~~~~~~~~~~~~~~~
    + CategoryInfo          : NotSpecified: (#0 building wit...g docker driver:String) [], RemoteException
    + FullyQualifiedErrorId : NativeCommandError
 

#1 [internal] load build definition from Dockerfile
#1 transferring dockerfile: 1.15kB done
#1 DONE 0.0s

#2 [internal] load metadata for docker.io/library/node:20-alpine
#2 DONE 0.8s

#3 [internal] load .dockerignore
#3 transferring context: 177B done
#3 DONE 0.0s

#4 [base 1/2] FROM 
docker.io/library/node:20-alpine@sha256:b88333c42c23fbd91596ebd7fd10de239cedab9617de04142dde7315e3bc0afa
#4 resolve docker.io/library/node:20-alpine@sha256:b88333c42c23fbd91596ebd7fd10de239cedab9617de04142dde7315e3bc0afa 
0.0s done
#4 CACHED

#5 [internal] load build context
#5 transferring context: 1.01MB 0.1s done
#5 DONE 0.1s

#6 [base 2/2] RUN corepack enable
#6 DONE 0.4s

#7 [builder 1/4] WORKDIR /app
#7 DONE 0.1s

#8 [installer 2/8] COPY .gitignore .gitignore
#8 DONE 0.1s

#9 [runner 2/7] RUN addgroup --system --gid 1001 nodejs
#9 DONE 0.6s

#10 [builder 2/4] RUN pnpm --global add turbo
#10 0.901 ! Corepack is about to download https://registry.npmjs.org/pnpm/-/pnpm-10.32.1.tgz
#10 ...

#11 [runner 3/7] RUN adduser --system --uid 1001 nestjs
#11 DONE 0.8s

#10 [builder 2/4] RUN pnpm --global add turbo
#10 2.593 Progress: resolved 1, reused 0, downloaded 0, added 0
#10 3.594 Progress: resolved 4, reused 0, downloaded 1, added 0
#10 3.675 Packages: +2
#10 3.675 ++
#10 4.594 Progress: resolved 7, reused 0, downloaded 1, added 1
#10 5.320 Progress: resolved 7, reused 0, downloaded 2, added 2, done
#10 5.345 
#10 5.345 /pnpm/global/5:
#10 5.345 + turbo 2.8.19
#10 5.345 
#10 5.355 Done in 3.3s using pnpm v10.32.1
#10 DONE 6.7s

#12 [builder 3/4] COPY . .
#12 DONE 0.6s

#13 [builder 4/4] RUN turbo prune backend --docker
#13 0.275 
#13 0.275 Attention:
#13 0.275 Turborepo now collects completely anonymous telemetry regarding usage.
#13 0.275 This information is used to shape the Turborepo roadmap and prioritize features.
#13 0.275 You can learn more, including how to opt-out if you'd not like to participate in this anonymous program, by 
visiting the following URL:
#13 0.275 https://turborepo.dev/docs/telemetry
#13 0.275 
#13 0.275 ÔÇó turbo 2.8.19
#13 0.301 Generating pruned monorepo for backend in /app/out
#13 0.319  - Added @repo/database
#13 0.347  - Added backend
#13 DONE 0.4s

#14 [installer 3/8] COPY --from=builder /app/out/json/ .
#14 DONE 0.1s

#15 [installer 4/8] COPY --from=builder /app/out/pnpm-lock.yaml ./pnpm-lock.yaml
#15 DONE 0.1s

#16 [installer 5/8] RUN pnpm install
#16 0.371 ! Corepack is about to download https://registry.npmjs.org/pnpm/-/pnpm-9.0.0.tgz
#16 1.732 Scope: all 3 workspace projects
#16 1.784 Lockfile is up to date, resolution step is skipped
#16 1.834 Progress: resolved 1, reused 0, downloaded 0, added 0
#16 1.995 Packages: +747
#16 1.995 ++++++++++++++++++++++++++++++++++++++++++++++++++++++++++++++++++++++++++++++++
#16 2.435 
#16 2.435    Ôò¡ÔöÇÔöÇÔöÇÔöÇÔöÇÔöÇÔöÇÔöÇÔöÇÔöÇÔöÇÔöÇÔöÇÔöÇÔöÇÔöÇÔöÇÔöÇÔöÇÔöÇÔöÇÔöÇÔöÇÔöÇÔöÇÔöÇÔöÇÔöÇÔöÇÔöÇÔöÇÔöÇÔöÇÔöÇÔ
öÇÔöÇÔöÇÔöÇÔöÇÔöÇÔöÇÔöÇÔöÇÔöÇÔöÇÔöÇÔöÇÔöÇÔöÇÔöÇÔöÇÔöÇÔöÇÔöÇÔöÇÔöÇÔöÇÔöÇÔöÇÔöÇÔöÇÔöÇÔöÇÔöÇÔöÇÔöÇÔöÇÔò«
#16 2.435    Ôöé                                                                   Ôöé
#16 2.435    Ôöé                Update available! 9.0.0 ÔåÆ 10.32.1.                 Ôöé
#16 2.435    Ôöé   Changelog: https://github.com/pnpm/pnpm/releases/tag/v10.32.1   Ôöé
#16 2.435    Ôöé     Run "corepack prepare pnpm@10.32.1 --activate" to update.     Ôöé
#16 2.435    Ôöé                                                                   Ôöé
#16 2.435    Ôöé      Follow @pnpmjs for updates: https://twitter.com/pnpmjs       Ôöé
#16 2.435    Ôöé                                                                   Ôöé
#16 2.435    Ôò░ÔöÇÔöÇÔöÇÔöÇÔöÇÔöÇÔöÇÔöÇÔöÇÔöÇÔöÇÔöÇÔöÇÔöÇÔöÇÔöÇÔöÇÔöÇÔöÇÔöÇÔöÇÔöÇÔöÇÔöÇÔöÇÔöÇÔöÇÔöÇÔöÇÔöÇÔöÇÔöÇÔöÇÔöÇÔ
öÇÔöÇÔöÇÔöÇÔöÇÔöÇÔöÇÔöÇÔöÇÔöÇÔöÇÔöÇÔöÇÔöÇÔöÇÔöÇÔöÇÔöÇÔöÇÔöÇÔöÇÔöÇÔöÇÔöÇÔöÇÔöÇÔöÇÔöÇÔöÇÔöÇÔöÇÔöÇÔöÇÔò»
#16 2.435 
#16 2.835 Progress: resolved 747, reused 0, downloaded 135, added 135
#16 3.835 Progress: resolved 747, reused 0, downloaded 292, added 290
#16 4.835 Progress: resolved 747, reused 0, downloaded 433, added 433
#16 5.835 Progress: resolved 747, reused 0, downloaded 594, added 595
#16 6.835 Progress: resolved 747, reused 0, downloaded 732, added 733
#16 7.836 Progress: resolved 747, reused 0, downloaded 745, added 746
#16 7.938 Progress: resolved 747, reused 0, downloaded 746, added 747, done
#16 8.177 .../node_modules/@prisma/engines postinstall$ node scripts/postinstall.js
#16 8.187 .../node_modules/@nestjs/core postinstall$ opencollective || exit 0
#16 8.188 .../node_modules/unrs-resolver postinstall$ napi-postinstall unrs-resolver 1.11.1 check
#16 8.200 .../bcrypt@6.0.0/node_modules/bcrypt install$ node-gyp-build
#16 8.201 .../node_modules/msgpackr-extract install$ node-gyp-build-optional-packages
#16 8.236 .../node_modules/unrs-resolver postinstall: Done
#16 8.265 .../bcrypt@6.0.0/node_modules/bcrypt install: Done
#16 8.275 .../node_modules/msgpackr-extract install: Done
#16 8.303 .../node_modules/@prisma/engines postinstall: prisma:warn Prisma failed to detect the libssl/openssl version 
to use, and may not work as expected. Defaulting to "openssl-1.1.x".
#16 8.304 .../node_modules/@prisma/engines postinstall: Please manually install OpenSSL and try installing Prisma 
again.
#16 8.385 .../node_modules/@nestjs/core postinstall:                            Thanks for installing nest 
#16 8.385 .../node_modules/@nestjs/core postinstall:                  Please consider donating to our open collective
#16 8.385 .../node_modules/@nestjs/core postinstall:                         to help us maintain this package.
#16 8.385 .../node_modules/@nestjs/core postinstall:                                          
#16 8.385 .../node_modules/@nestjs/core postinstall:                             Number of contributors: 0
#16 8.386 .../node_modules/@nestjs/core postinstall:                              Number of backers: 1183
#16 8.390 .../node_modules/@nestjs/core postinstall:                              Annual budget: $138,959
#16 8.390 .../node_modules/@nestjs/core postinstall:                              Current balance: $21,738
#16 8.390 .../node_modules/@nestjs/core postinstall:                                          
#16 8.390 .../node_modules/@nestjs/core postinstall:              Become a partner: 
https://opencollective.com/nest/donate
#16 8.390 .../node_modules/@nestjs/core postinstall:                                          
#16 8.468 .../node_modules/@nestjs/core postinstall: Done
#16 9.439 .../node_modules/@prisma/engines postinstall: Done
#16 9.514 .../prisma@5.22.0/node_modules/prisma preinstall$ node scripts/preinstall-entry.js
#16 9.545 .../prisma@5.22.0/node_modules/prisma preinstall: Done
#16 9.592 .../node_modules/@prisma/client postinstall$ node scripts/postinstall.js
#16 9.908 .../node_modules/@prisma/client postinstall: prisma:warn Prisma failed to detect the libssl/openssl version 
to use, and may not work as expected. Defaulting to "openssl-1.1.x".
#16 9.908 .../node_modules/@prisma/client postinstall: Please manually install OpenSSL and try installing Prisma again.
#16 10.01 .../node_modules/@prisma/client postinstall: prisma:warn We could not find your Prisma schema in the default 
locations (see: https://pris.ly/d/prisma-schema-location).
#16 10.01 .../node_modules/@prisma/client postinstall: If you have a Prisma schema file in a custom path, you will 
need to run
#16 10.01 .../node_modules/@prisma/client postinstall: `prisma generate --schema=./path/to/your/schema.prisma` to 
generate Prisma Client.
#16 10.01 .../node_modules/@prisma/client postinstall: If you do not have a Prisma schema file yet, you can ignore 
this message.
#16 10.03 .../node_modules/@prisma/client postinstall: Done
#16 10.32 
#16 10.32 devDependencies:
#16 10.32 + prettier 3.7.4
#16 10.32 + turbo 2.8.14
#16 10.32 + typescript 5.9.2
#16 10.32 
#16 10.35 Done in 8.9s
#16 DONE 16.6s

#17 [installer 6/8] COPY --from=builder /app/out/full/ .
#17 DONE 0.5s

#18 [installer 7/8] COPY turbo.json turbo.json
#18 DONE 0.1s

#19 [installer 8/8] RUN pnpm turbo run build --filter=backend
#19 0.537 
#19 0.537 Attention:
#19 0.537 Turborepo now collects completely anonymous telemetry regarding usage.
#19 0.537 This information is used to shape the Turborepo roadmap and prioritize features.
#19 0.537 You can learn more, including how to opt-out if you'd not like to participate in this anonymous program, by 
visiting the following URL:
#19 0.537 https://turborepo.dev/docs/telemetry
#19 0.537 
#19 0.537 ÔÇó turbo 2.8.14
#19 0.556 ÔÇó Packages in scope: backend
#19 0.556 ÔÇó Running build in 1 packages
#19 0.556 ÔÇó Remote caching disabled
#19 0.565 @repo/database:build: cache miss, executing ee65a9a740845882
#19 0.821 @repo/database:build: 
#19 0.821 @repo/database:build: > @repo/database@1.0.0 build /app/packages/database
#19 0.821 @repo/database:build: > tsc
#19 0.821 @repo/database:build: 
#19 1.572 backend:build: cache miss, executing 2b8882a0ca03fed7
#19 1.827 backend:build: 
#19 1.827 backend:build: > backend@0.0.1 build /app/apps/backend
#19 1.827 backend:build: > nest build
#19 1.827 backend:build: 
#19 12.77 backend:build: [96msrc/appointment/appointment.controller.ts[0m:[93m6[0m:[93m10[0m - 
[91merror[0m[90m TS2305: [0mModule '"@repo/database"' has no exported member 'Role'.
#19 12.77 backend:build: 
#19 12.77 backend:build: [7m6[0m import { Role } from '@repo/database';
#19 12.77 backend:build: [7m [0m [91m         ~~~~[0m
#19 12.77 backend:build: [96msrc/auth/decorators/roles.decorator.ts[0m:[93m2[0m:[93m10[0m - [91merror[0m[90m 
TS2305: [0mModule '"@repo/database"' has no exported member 'Role'.
#19 12.77 backend:build: 
#19 12.77 backend:build: [7m2[0m import { Role } from '@repo/database';
#19 12.77 backend:build: [7m [0m [91m         ~~~~[0m
#19 12.77 backend:build: [96msrc/auth/guards/roles.guard.ts[0m:[93m3[0m:[93m10[0m - [91merror[0m[90m TS2305: 
[0mModule '"@repo/database"' has no exported member 'Role'.
#19 12.77 backend:build: 
#19 12.77 backend:build: [7m3[0m import { Role } from '@repo/database';
#19 12.77 backend:build: [7m [0m [91m         ~~~~[0m
#19 12.77 backend:build: [96msrc/service/service.controller.ts[0m:[93m6[0m:[93m10[0m - [91merror[0m[90m 
TS2305: [0mModule '"@repo/database"' has no exported member 'Role'.
#19 12.77 backend:build: 
#19 12.77 backend:build: [7m6[0m import { Role } from '@repo/database';
#19 12.77 backend:build: [7m [0m [91m         ~~~~[0m
#19 12.77 backend:build: [96msrc/staff/staff.controller.ts[0m:[93m6[0m:[93m10[0m - [91merror[0m[90m TS2305: 
[0mModule '"@repo/database"' has no exported member 'Role'.
#19 12.77 backend:build: 
#19 12.77 backend:build: [7m6[0m import { Role } from '@repo/database';
#19 12.77 backend:build: [7m [0m [91m         ~~~~[0m
#19 12.77 backend:build: [96msrc/tenant/tenant.controller.ts[0m:[93m6[0m:[93m10[0m - [91merror[0m[90m TS2305: 
[0mModule '"@repo/database"' has no exported member 'Role'.
#19 12.77 backend:build: 
#19 12.77 backend:build: [7m6[0m import { Role } from '@repo/database';
#19 12.77 backend:build: [7m [0m [91m         ~~~~[0m
#19 12.77 backend:build: [96msrc/user/user.controller.ts[0m:[93m6[0m:[93m10[0m - [91merror[0m[90m TS2305: 
[0mModule '"@repo/database"' has no exported member 'Role'.
#19 12.77 backend:build: 
#19 12.77 backend:build: [7m6[0m import { Role } from '@repo/database';
#19 12.77 backend:build: [7m [0m [91m         ~~~~[0m
#19 12.77 backend:build: 
#19 12.77 backend:build: Found 7 error(s).
#19 12.77 backend:build: 
#19 12.89 backend:build: ÔÇëELIFECYCLEÔÇë Command failed with exit code 1.
#19 12.90 backend:build: ERROR: command finished with error: command (/app/apps/backend) /usr/local/bin/pnpm run build 
exited (1)
#19 12.90 backend#build: command (/app/apps/backend) /usr/local/bin/pnpm run build exited (1)
#19 12.90 
#19 12.90  Tasks:    1 successful, 2 total
#19 12.90 Cached:    0 cached, 2 total
#19 12.90   Time:    12.365s 
#19 12.90 Failed:    backend#build
#19 12.90 
#19 12.91  WARNING  no output files found for task @repo/database#build. Please check your `outputs` key in 
`turbo.json`
#19 12.91  ERROR  run failed: command  exited (1)
#19 ERROR: process "/bin/sh -c pnpm turbo run build --filter=backend" did not complete successfully: exit code: 1
------
 > [installer 8/8] RUN pnpm turbo run build --filter=backend:
12.90 backend:build: ERROR: command finished with error: command (/app/apps/backend) /usr/local/bin/pnpm run build 
exited (1)
12.90 backend#build: command (/app/apps/backend) /usr/local/bin/pnpm run build exited (1)
12.90 
12.90  Tasks:    1 successful, 2 total
12.90 Cached:    0 cached, 2 total
12.90   Time:    12.365s 
12.90 Failed:    backend#build
12.90 
12.91  WARNING  no output files found for task @repo/database#build. Please check your `outputs` key in `turbo.json`
12.91  ERROR  run failed: command  exited (1)
------

 [33m1 warning found (use docker --debug to expand):
[0m - LegacyKeyValueFormat: "ENV key=value" should be used instead of legacy "ENV key value" format (line 41)
Dockerfile:25
--------------------
  23 |     COPY --from=builder /app/out/full/ .
  24 |     COPY turbo.json turbo.json
  25 | >>> RUN pnpm turbo run build --filter=backend
  26 |     
  27 |     FROM base AS runner
--------------------
ERROR: failed to build: failed to solve: process "/bin/sh -c pnpm turbo run build --filter=backend" did not complete 
successfully: exit code: 1
